// Jest Snapshot v1, https://goo.gl/fbAQLP

exports[`ArticleView container render correctly 1`] = `ReactWrapper {}`;
